harry = {};
harry.menu = {};
harry.menu.id = "file";
harry.menu.value = "File";
harry.menu.popup = {};
harry.menu.popup.menuitem = [];
harry.menu.popup.menuitem[0] = {};
harry.menu.popup.menuitem[0].value = "New";
harry.menu.popup.menuitem[0].onclick = "CreateNewDoc()";
harry.menu.popup.menuitem[1] = {};
harry.menu.popup.menuitem[1].value = "Open";
harry.menu.popup.menuitem[1].onclick = "OpenDoc()";
harry.menu.popup.menuitem[2] = {};
harry.menu.popup.menuitem[2].value = "Close";
harry.menu.popup.menuitem[2].onclick = "CloseDoc()";