json = {};
json.regular_key = "normal value";
json.nested_object = {};
json.nested_object.key_with_special_chars = "value";
json.nested_object.empty_object = {};
json.nested_object.empty_array = [];
json.nested_object.array_of_mixed_types = [];
json.nested_object.array_of_mixed_types[0] = 1;
json.nested_object.array_of_mixed_types[1] = "string";
json.nested_object.array_of_mixed_types[2] = null;
json.nested_object.array_of_mixed_types[3] = true;
json.nested_object.array_of_mixed_types[4] = {};
json.nested_object.array_of_mixed_types[4].nested_key = "nested_value";
json.nested_object.deeply_nested = {};
json.nested_object.deeply_nested.level1 = {};
json.nested_object.deeply_nested.level1.level2 = {};
json.nested_object.deeply_nested.level1.level2.level3 = "deep_value";
json.key_with_newline = "value\nwith\nnewlines";
json.unicode_key = "\u00fc\u00f1\u00ee\u00e7\u00f8d\u00e9";
json.very_long_string = "abcdefghijabcdefghijabcdefghijabcdefghijabcdefghijabcdefghijabcdefghijabcdefghijabcdefghijabcdefghij";
json.number = 123;
json.boolean = false;
json.null_value = null;
json.complex_number = 3.14159;