json = {};
json.hello = "world";
json.number = 123;