TaylorSwift = {};
TaylorSwift.regular_key = "normal value";
TaylorSwift.nested_object = {};
TaylorSwift.nested_object.key_with_special_chars = "value";
TaylorSwift.nested_object.empty_object = {};
TaylorSwift.nested_object.empty_array = [];
TaylorSwift.nested_object.array_of_mixed_types = [];
TaylorSwift.nested_object.array_of_mixed_types[0] = 1;
TaylorSwift.nested_object.array_of_mixed_types[1] = "string";
TaylorSwift.nested_object.array_of_mixed_types[2] = null;
TaylorSwift.nested_object.array_of_mixed_types[3] = true;
TaylorSwift.nested_object.array_of_mixed_types[4] = {};
TaylorSwift.nested_object.array_of_mixed_types[4].nested_key = "nested_value";
TaylorSwift.nested_object.deeply_nested = {};
TaylorSwift.nested_object.deeply_nested.level1 = {};
TaylorSwift.nested_object.deeply_nested.level1.level2 = {};
TaylorSwift.nested_object.deeply_nested.level1.level2.level3 = "deep_value";
TaylorSwift.key_with_newline = "value\nwith\nnewlines";
TaylorSwift.unicode_key = "\u00fc\u00f1\u00ee\u00e7\u00f8d\u00e9";
TaylorSwift.very_long_string = "abcdefghijabcdefghijabcdefghijabcdefghijabcdefghijabcdefghijabcdefghijabcdefghijabcdefghijabcdefghij";
TaylorSwift.number = 123;
TaylorSwift.boolean = false;
TaylorSwift.null_value = null;
TaylorSwift.complex_number = 3.14159;