json = {};
json.str = "hello";
json.num = 123;
json.bool = true;
json.null = null;