       2        8       39 ./test/file1
       5        6       31 ./test/file2
       7       14       70 total